// Jest Snapshot v1, https://goo.gl/fbAQLP

exports[`Portfolio component renders 1`] = `
<DocumentFragment>
  <div
    className="card text-center"
  >
    <div
      className="card-header bg-primary text-white"
    >
      My Projects
    </div>
    <div
      className="card-body"
    >
      <ul>
        <li>
          Portfolio 1
        </li>
        <li>
          Portfolio 2
        </li>
        <li>
          Portfolio 3
        </li>
        <li>
          Portfolio 4
        </li>
        <li>
          Portfolio 5
        </li>
        <li>
          Portfolio 6
        </li>
      </ul>
    </div>
  </div>
</DocumentFragment>
`;
