// Jest Snapshot v1, https://goo.gl/fbAQLP

exports[`Footer component matches snapshot 1`] = `
<DocumentFragment>
  <footer>
    <a
      href="https://github.com/EvelynAguirreOrtiz"
    >
      <button
        className="github"
      >
        <i
          className="fa-brands fa-github fa-2x"
        />
        GitHub
      </button>
    </a>
    <a
      href="https://www.linkedin.com/in/evelyn-aguirre-5224b56/"
    >
      <button
        className="linkedin"
      >
        <i
          className="fa-brands fa-linkedin fa-2x"
        />
        LinkedIn
      </button>
    </a>
  </footer>
</DocumentFragment>
`;
